	Invoice:ZZZZ:00088888888:00000003758	100000A	ABC00000001	11	DD	A00A	AB000001	100001	123.45	USD	PS	001	S	1000001	A	DMS	1.0	A001		hdfs	ZZZZ_Invoice.xml_88888888_0001_1429071717.complete	2012-12-13 12:12:12 +00:00	2012-12-13 12:12:12.000	123.45	123.45	APP_EXT	NULL	NULL	NULL	NULL	NULL	NULL	NULL	NULL	NULL	NULL	NULL	NULL	NULL	NULL	NULL	NULL	NULL	NULL	NULL	NULL	NULL	NULL	NULL	NULL	NULL	ABP	ABP	1A .00 .00 AB000001	ZZZZ|100000A	ZZZZ|ABC00000001	ZZZZ|1000001	ZZZZ
	Invoice:ZZZZ:00088888888:00000003758	100000A	ABC00000001	11	DD	A00A	AB000001	100001	123.45	USD	PS	001	S	1000001	A	DMS	1.0	A001		hdfs	ZZZZ_Invoice.xml_88888888_0001_1429071717.complete	2012-12-13 12:12:12 +00:00	2012-12-13 12:12:12.000	123.45	123.45	LABOR	123.45	1	S	NULL	NULL	001	000	123.45	123.45	NULL	NULL	NULL	NULL	NULL	NULL	NULL	NULL	NULL	NULL	NULL	NULL	123.45	123.45	JPY	NULL	NULL	NULL	NULL	ZZZZ|100000A	ZZZZ|ABC00000001	ZZZZ|1000001	ZZZZ
	Invoice:ZZZZ:00088888888:00000003758	100000A	ABC00000001	11	DD	A00A	AB000001	100001	123.45	USD	PS	001	S	1000001	A	DMS	1.0	A001		hdfs	ZZZZ_Invoice.xml_88888888_0001_1429071717.complete	2012-12-13 12:12:12 +00:00	2012-12-13 12:12:12.000	123.45	123.45	MISC	123.45	1	S	NULL	NULL	001	000	123.45	123.45	1	A100000000001	0000	300	JPY	123.45	JPY	NULL	NULL	NULL	NULL	NULL	NULL	NULL	NULL	LEVEL 1 COOLANT	NULL	NULL	NULL	ZZZZ|100000A	ZZZZ|ABC00000001	ZZZZ|1000001	ZZZZ
	Invoice:ZZZZ:00088888888:00000003758	100000A	ABC00000001	11	DD	A00A	AB000001	100001	123.45	USD	PS	001	S	1000001	A	DMS	1.0	A001		hdfs	ZZZZ_Invoice.xml_88888888_0001_1429071717.complete	2012-12-13 12:12:12 +00:00	2012-12-13 12:12:12.000	123.45	123.45	PART	123.45	1	S	NULL	NULL	10	01	123.45	123.45	1	1A0001	001	123.45	BSD	123.45	BSD	true	S	S	BSC	NULL	NULL	NULL	NULL	NULL	NULL	NULL	NULL	ZZZZ|100000A	ZZZZ|ABC00000001	ZZZZ|1000001	ZZZZ
	Invoice:ZZZZ:00088888888:00000003758	100000A	ABC00000001	11	DD	A00A	AB000001	100001	123.45	USD	PS	001	S	1000001	A	DMS	1.0	A001		hdfs    ZZZZ_Invoice.xml_88888888_0001_1429071717.complete	2012-12-13 12:12:12 +00:00	2012-12-13 12:12:12.000	123.45	123.45	HEADER	NULL	NULL	NULL	NULL	NULL	NULL	NULL	NULL	NULL	NULL	NULL	NULL	NULL	NULL	NULL	NULL	NULL	NULL	NULL	NULL	NULL	NULL	NULL	NULL	NULL	NULL	NULL	NULL	ZZZZ|100000A	ZZZZ|ABC00000001	ZZZZ|1000001	ZZZZ