ZZZZ_Dealer_Hierarchy.xml_88888888_0001_1429071717.complete	DealerHierarchy:ZZZZ:00088888888:00000001054	DMS	2.0	A001	null	A	01	AA	KROGERS	01	L100	L100	CAT	0.0	hdfs	1.0	ZZZZ